// Jest Snapshot v1, https://goo.gl/fbAQLP

exports[`should render ExpenseListItem with expenses 1`] = `
<div>
  <Link
    to="/edit/0"
  >
    <h3>
      Gum
    </h3>
  </Link>
  <p>
    195
     - 
    1st January, 1970
  </p>
</div>
`;
