// Jest Snapshot v1, https://goo.gl/fbAQLP

exports[`should render NotFound correctly 1`] = `
<div>
  404! - 
  <NavLink
    exact={true}
    to="/"
  >
     Go Home 
  </NavLink>
</div>
`;
